01:57:11 **** Incremental Build of configuration Debug for project 02_application ****
make -j4 all 
arm-none-eabi-gcc "../Core/Src/main.c" -mcpu=cortex-m3 -std=gnu11 -g3 -DDEBUG -DUSE_HAL_DRIVER -DSTM32F103xB -c -I../Core/Inc -I../Drivers/STM32F1xx_HAL_Driver/Inc/Legacy -I../Drivers/STM32F1xx_HAL_Driver/Inc -I../Drivers/CMSIS/Device/ST/STM32F1xx/Include -I../Drivers/CMSIS/Include -O0 -ffunction-sections -fdata-sections -Wall -fstack-usage -fcyclomatic-complexity -MMD -MP -MF"Core/Src/main.d" -MT"Core/Src/main.o" --specs=nano.specs -mfloat-abi=soft -mthumb -o "Core/Src/main.o"
arm-none-eabi-gcc -o "02_application.elf" @"objects.list"   -mcpu=cortex-m3 -T"/home/oguz/gitlocalRepos/work_2/02_application/STM32F103C8TX_FLASH.ld" --specs=nosys.specs -Wl,-Map="02_application.map" -Wl,--gc-sections -static --specs=nano.specs -mfloat-abi=soft -mthumb -Wl,--start-group -lc -lm -Wl,--end-group
Finished building target: 02_application.elf
 
arm-none-eabi-size  02_application.elf 
arm-none-eabi-objdump -h -S 02_application.elf  > "02_application.list"
arm-none-eabi-objcopy  -O ihex 02_application.elf  "02_application.hex"
   text	   data	    bss	    dec	    hex	filename
  11956	     96	   1992	  14044	   36dc	02_application.elf
arm-none-eabi-objcopy  -O binary 02_application.elf  "02_application.bin"
Finished building: default.size.stdout
 
Finished building: 02_application.bin
 
Finished building: 02_application.hex
 
Finished building: 02_application.list
 

01:57:12 Build Finished. 0 errors, 0 warnings. (took 482ms)

